Using launch settings from CooperativaSolution\Cooperativa.Web\Properties\launchSettings.json...
Building...
info: Microsoft.EntityFrameworkCore.Database.Command[20101]
      Executed DbCommand (36ms) [Parameters=[], CommandType='Text', CommandTimeout='30']
      SELECT "MigrationId", "ProductVersion"
      FROM "__EFMigrationsHistory"
      ORDER BY "MigrationId";
info: Microsoft.EntityFrameworkCore.Migrations[20406]
      No migrations were found in assembly 'Cooperativa.Infrastructure'. A migration needs to be added before the database can be updated.
info: Microsoft.EntityFrameworkCore.Database.Command[20101]
      Executed DbCommand (8ms) [Parameters=[], CommandType='Text', CommandTimeout='30']
      SELECT 1
info: Microsoft.EntityFrameworkCore.Database.Command[20101]
      Executed DbCommand (10ms) [Parameters=[], CommandType='Text', CommandTimeout='30']
      CREATE TABLE IF NOT EXISTS "__EFMigrationsHistory" (
          "MigrationId" character varying(150) NOT NULL,
          "ProductVersion" character varying(32) NOT NULL,
          CONSTRAINT "PK___EFMigrationsHistory" PRIMARY KEY ("MigrationId")
      );
info: Microsoft.EntityFrameworkCore.Migrations[20411]
      Acquiring an exclusive lock for migration application. See https://aka.ms/efcore-docs-migrations-lock for more information if this takes too long.
info: Microsoft.EntityFrameworkCore.Database.Command[20101]
      Executed DbCommand (1ms) [Parameters=[], CommandType='Text', CommandTimeout='30']
      LOCK TABLE "__EFMigrationsHistory" IN ACCESS EXCLUSIVE MODE
info: Microsoft.EntityFrameworkCore.Database.Command[20101]
      Executed DbCommand (0ms) [Parameters=[], CommandType='Text', CommandTimeout='30']
      SELECT "MigrationId", "ProductVersion"
      FROM "__EFMigrationsHistory"
      ORDER BY "MigrationId";
info: Microsoft.EntityFrameworkCore.Migrations[20405]
      No migrations were applied. The database is already up to date.
info: Microsoft.EntityFrameworkCore.Database.Command[20101]
      Executed DbCommand (74ms) [Parameters=[], CommandType='Text', CommandTimeout='30']
      ALTER TABLE "JornadaContratual"
          ADD COLUMN IF NOT EXISTS hora_inicio_intervalo time without time zone NULL,
          ADD COLUMN IF NOT EXISTS hora_fim_intervalo time without time zone NULL;
      
      ALTER TABLE "RegistrosPonto"
          ADD COLUMN IF NOT EXISTS "InicioIntervalo" timestamp with time zone NULL,
          ADD COLUMN IF NOT EXISTS "FimIntervalo" timestamp with time zone NULL,
          ADD COLUMN IF NOT EXISTS "Ocorrencia" character varying(20) NULL;
      
      ALTER TABLE "FolhasPagamento"
          ADD COLUMN IF NOT EXISTS "Detalhes" text NULL;
      
      ALTER TABLE "Contratos"
          ADD COLUMN IF NOT EXISTS "Logradouro" character varying(200) NOT NULL DEFAULT '',
          ADD COLUMN IF NOT EXISTS "Bairro" character varying(80) NOT NULL DEFAULT '',
          ADD COLUMN IF NOT EXISTS "Cidade" character varying(80) NOT NULL DEFAULT '',
          ADD COLUMN IF NOT EXISTS "Uf" character varying(2) NOT NULL DEFAULT '',
          ADD COLUMN IF NOT EXISTS "Cep" character varying(10) NOT NULL DEFAULT '',
          ADD COLUMN IF NOT EXISTS "Contato1Nome" character varying(120) NOT NULL DEFAULT '',
          ADD COLUMN IF NOT EXISTS "Contato1Telefone" character varying(20) NOT NULL DEFAULT '',
          ADD COLUMN IF NOT EXISTS "Contato2Nome" character varying(120) NOT NULL DEFAULT '',
          ADD COLUMN IF NOT EXISTS "Contato2Telefone" character varying(20) NOT NULL DEFAULT '';
      
      -- Funções: inclui Nome e CBO e desativa o antigo "ValorBase" (não usado pela aplicação).
      ALTER TABLE "Funcoes"
          ADD COLUMN IF NOT EXISTS "Nome" character varying(120) NOT NULL DEFAULT '',
          ADD COLUMN IF NOT EXISTS "Cbo" character varying(10) NOT NULL DEFAULT '';
      
      UPDATE "Funcoes" SET "Nome" = "Descricao" WHERE "Nome" = '';
      UPDATE "Funcoes" SET "Cbo" = '' WHERE "Cbo" IS NULL;
      
      -- Alinha vínculos legados que ainda apontavam para a antiga tabela Empresas,
      -- localizando o contrato correspondente pelo CNPJ.
      DO $$
      BEGIN
          IF to_regclass('"Empresas"') IS NOT NULL THEN
              UPDATE "Remuneracoes" r
                 SET "ContratoId" = c."Id"
                FROM "Empresas" e
                JOIN "Contratos" c
                  ON upper(regexp_replace(c."Cnpj", '[^0-9A-Za-z]', '', 'g'))
                   = upper(regexp_replace(e."CNPJ", '[^0-9A-Za-z]', '', 'g'))
               WHERE r."ContratoId" = e."Id"
                 AND NOT EXISTS (SELECT 1 FROM "Contratos" c2 WHERE c2."Id" = r."ContratoId");
      
              UPDATE "JornadaContratual" j
                 SET contrato_id = c."Id"
                FROM "Empresas" e
                JOIN "Contratos" c
                  ON upper(regexp_replace(c."Cnpj", '[^0-9A-Za-z]', '', 'g'))
                   = upper(regexp_replace(e."CNPJ", '[^0-9A-Za-z]', '', 'g'))
               WHERE j.contrato_id = e."Id"
                 AND NOT EXISTS (SELECT 1 FROM "Contratos" c2 WHERE c2."Id" = j.contrato_id);
          END IF;
      END $$;
      
      -- Remove remunerações sem contrato válido: não podem ser exibidas no cálculo nem editadas.
      DO $$
      BEGIN
          IF to_regclass('"Remuneracoes"') IS NOT NULL THEN
              DELETE FROM "Remuneracoes" r
               WHERE r."ContratoId" IS NULL
                  OR NOT EXISTS (SELECT 1 FROM "Contratos" c WHERE c."Id" = r."ContratoId");
          END IF;
      END $$;
      
      -- Remunerações: a data fim passa a ser opcional (vigência sem data de término).
      DO $$
      BEGIN
          IF EXISTS (SELECT 1 FROM information_schema.columns WHERE table_name = 'Remuneracoes' AND column_name = 'DataFim') THEN
              ALTER TABLE "Remuneracoes" ALTER COLUMN "DataFim" DROP NOT NULL;
          END IF;
      
          IF EXISTS (SELECT 1 FROM information_schema.columns WHERE table_name = 'Alocacoes' AND column_name = 'DataFim') THEN
              ALTER TABLE "Alocacoes" ALTER COLUMN "DataFim" DROP NOT NULL;
          END IF;
      
          IF EXISTS (SELECT 1 FROM information_schema.columns WHERE table_name = 'Contratos' AND column_name = 'DataFim') THEN
              ALTER TABLE "Contratos" ALTER COLUMN "DataFim" DROP NOT NULL;
          END IF;
      END $$;
      
      DO $$
      BEGIN
          IF EXISTS (SELECT 1 FROM information_schema.columns WHERE table_name = 'Funcoes' AND column_name = 'Cbo') THEN
              ALTER TABLE "Funcoes" ALTER COLUMN "Cbo" SET DEFAULT '';
              ALTER TABLE "Funcoes" ALTER COLUMN "Cbo" SET NOT NULL;
          END IF;
      
          IF EXISTS (SELECT 1 FROM information_schema.columns WHERE table_name = 'Funcoes' AND column_name = 'ValorBase') THEN
              ALTER TABLE "Funcoes" ALTER COLUMN "ValorBase" DROP NOT NULL;
          END IF;
      END $$;
      
      DO $$
      BEGIN
          IF EXISTS (
              SELECT 1 FROM information_schema.tables 
              WHERE table_name = 'Cooperados'
          ) THEN
              ALTER TABLE "Cooperados"
                  ADD COLUMN IF NOT EXISTS "Equipe" character varying(100) NULL,
                  ADD COLUMN IF NOT EXISTS "equipe" character varying(100) NULL;
          END IF;
      END $$;
      
      -- Cooperados: "Endereco" passa a se chamar "Logradouro", inclui UF e o nº de dependentes fica opcional.
      DO $$
      BEGIN
          IF EXISTS (SELECT 1 FROM information_schema.columns WHERE table_name = 'Cooperados' AND column_name = 'Endereco')
             AND NOT EXISTS (SELECT 1 FROM information_schema.columns WHERE table_name = 'Cooperados' AND column_name = 'Logradouro') THEN
              ALTER TABLE "Cooperados" RENAME COLUMN "Endereco" TO "Logradouro";
          END IF;
      
          IF EXISTS (SELECT 1 FROM information_schema.columns WHERE table_name = 'Cooperados' AND column_name = 'NumeroDependentes') THEN
              ALTER TABLE "Cooperados" ALTER COLUMN "NumeroDependentes" DROP NOT NULL;
          END IF;
      END $$;
      
      ALTER TABLE "Cooperados"
          ADD COLUMN IF NOT EXISTS "Uf" character varying(2) NOT NULL DEFAULT '';
      
      -- Formata os telefones legados (somente dígitos) para (00) 00000-0000.
      UPDATE "Cooperados"
         SET "Telefone" = '(' || substr(regexp_replace("Telefone", '\D', '', 'g'), 1, 2) || ') '
                       || CASE WHEN length(regexp_replace("Telefone", '\D', '', 'g')) = 11
                               THEN substr(regexp_replace("Telefone", '\D', '', 'g'), 3, 5) || '-' || substr(regexp_replace("Telefone", '\D', '', 'g'), 8, 4)
                               ELSE substr(regexp_replace("Telefone", '\D', '', 'g'), 3, 4) || '-' || substr(regexp_replace("Telefone", '\D', '', 'g'), 7, 4)
                          END
       WHERE length(regexp_replace("Telefone", '\D', '', 'g')) IN (10, 11)
         AND "Telefone" NOT LIKE '(%';
      
      CREATE TABLE IF NOT EXISTS "UsuariosSistema" (
          "Id" uuid PRIMARY KEY,
          "Login" character varying(50) NOT NULL,
          "Senha" character varying(255) NOT NULL,
          "Perfil" character varying(50) NOT NULL,
          "Nome" character varying(150) NULL,
          "Email" character varying(150) NULL,
          "Celular" character varying(20) NULL,
          "Ativo" boolean NOT NULL DEFAULT true,
          "CooperadoId" uuid NULL,
          "ContratoId" uuid NULL,
          "Cargo" character varying(100) NULL,
          "Equipe" character varying(100) NULL,
          "DataIngresso" date NULL,
          "UltimoAcesso" timestamp with time zone NULL,
          "MfaCodigoTemp" character varying(10) NULL,
          "MfaCodigoExpiracao" timestamp with time zone NULL,
          "TokenRedefinicaoSenha" character varying(100) NULL,
          "TokenRedefinicaoExpiracao" timestamp with time zone NULL
      );
      
      ALTER TABLE "UsuariosSistema"
          ADD COLUMN IF NOT EXISTS "Nome" character varying(150) NULL,
          ADD COLUMN IF NOT EXISTS "Email" character varying(150) NULL,
          ADD COLUMN IF NOT EXISTS "Celular" character varying(20) NULL,
          ADD COLUMN IF NOT EXISTS "Ativo" boolean NOT NULL DEFAULT true,
          ADD COLUMN IF NOT EXISTS "CooperadoId" uuid NULL,
          ADD COLUMN IF NOT EXISTS "ContratoId" uuid NULL,
          ADD COLUMN IF NOT EXISTS "Cargo" character varying(100) NULL,
          ADD COLUMN IF NOT EXISTS "Equipe" character varying(100) NULL,
          ADD COLUMN IF NOT EXISTS "DataIngresso" date NULL,
          ADD COLUMN IF NOT EXISTS "UltimoAcesso" timestamp with time zone NULL,
          ADD COLUMN IF NOT EXISTS "MfaCodigoTemp" character varying(10) NULL,
          ADD COLUMN IF NOT EXISTS "MfaCodigoExpiracao" timestamp with time zone NULL,
          ADD COLUMN IF NOT EXISTS "TokenRedefinicaoSenha" character varying(100) NULL,
          ADD COLUMN IF NOT EXISTS "TokenRedefinicaoExpiracao" timestamp with time zone NULL;
      
      DO $$
      DECLARE
          r RECORD;
          tabela text;
          coluna_antiga text;
          coluna_nova text;
      BEGIN
          -- Remove os vínculos (FKs) legados com a tabela Empresas, que deixou de existir.
          IF to_regclass('"Empresas"') IS NOT NULL THEN
              FOR r IN (
                  SELECT conrelid::regclass::text AS nome_tabela, conname
                  FROM pg_constraint
                  WHERE contype = 'f' AND confrelid = to_regclass('"Empresas"')
              ) LOOP
                  EXECUTE format('ALTER TABLE %s DROP CONSTRAINT IF EXISTS %I', r.nome_tabela, r.conname);
              END LOOP;
          END IF;
      
          -- Renomeia as colunas de empresa para contrato nas tabelas migradas.
          FOR tabela, coluna_antiga, coluna_nova IN
              VALUES ('Cooperados', 'EmpresaId', 'ContratoId'),
                     ('Remuneracoes', 'EmpresaId', 'ContratoId'),
                     ('UsuariosSistema', 'EmpresaId', 'ContratoId'),
                     ('JornadaContratual', 'empresa_id', 'contrato_id'),
                     ('regra_hora_extra', 'empresa_id', 'contrato_id')
          LOOP
              IF EXISTS (SELECT 1 FROM information_schema.columns WHERE table_name = tabela AND column_name = coluna_antiga) THEN
                  IF EXISTS (SELECT 1 FROM information_schema.columns WHERE table_name = tabela AND column_name = coluna_nova) THEN
                      -- As duas colunas existem (nova criada como nula): preserva os dados e remove a antiga.
                      EXECUTE format('UPDATE %I SET %I = %I WHERE %I IS NULL', tabela, coluna_nova, coluna_antiga, coluna_nova);
                      EXECUTE format('ALTER TABLE %I DROP COLUMN %I', tabela, coluna_antiga);
                  ELSE
                      EXECUTE format('ALTER TABLE %I RENAME COLUMN %I TO %I', tabela, coluna_antiga, coluna_nova);
                  END IF;
              END IF;
          END LOOP;
      END $$;
      
      -- Vínculo de adicionais: a tabela legada por empresa passa a apontar para o contrato.
      DO $$
      BEGIN
          IF to_regclass('"ContratoFuncaoAdicional"') IS NULL
             AND to_regclass('"ContratoEmpresaAdicional"') IS NOT NULL THEN
              IF EXISTS (SELECT 1 FROM information_schema.columns WHERE table_name = 'ContratoEmpresaAdicional' AND column_name = 'empresa_id') THEN
                  ALTER TABLE "ContratoEmpresaAdicional" RENAME COLUMN empresa_id TO contrato_id;
              END IF;
      
              ALTER TABLE "ContratoEmpresaAdicional" RENAME TO "ContratoFuncaoAdicional";
          END IF;
      END $$;
      
      CREATE TABLE IF NOT EXISTS "ContratoFuncaoAdicional" (
          contrato_id uuid NOT NULL,
          funcao_id uuid NOT NULL,
          adicional_id uuid NOT NULL,
          CONSTRAINT "PK_ContratoFuncaoAdicional" PRIMARY KEY (contrato_id, funcao_id, adicional_id),
          CONSTRAINT "FK_ContratoFuncaoAdicional_Funcoes_funcao_id" FOREIGN KEY (funcao_id) REFERENCES "Funcoes" ("Id") ON DELETE CASCADE,
          CONSTRAINT "FK_ContratoFuncaoAdicional_TipoAdicional_adicional_id" FOREIGN KEY (adicional_id) REFERENCES "TipoAdicional" ("id") ON DELETE CASCADE
      );
      
      DO $$
      BEGIN
          -- Vínculos legados apontavam para a empresa: realinha para o contrato de mesmo CNPJ.
          IF to_regclass('"Empresas"') IS NOT NULL AND to_regclass('"ContratoFuncaoAdicional"') IS NOT NULL THEN
              UPDATE "ContratoFuncaoAdicional" v
                 SET contrato_id = c."Id"
                FROM "Empresas" e
                JOIN "Contratos" c
                  ON upper(regexp_replace(c."Cnpj", '[^0-9A-Za-z]', '', 'g'))
                   = upper(regexp_replace(e."CNPJ", '[^0-9A-Za-z]', '', 'g'))
               WHERE v.contrato_id = e."Id";
          END IF;
      
          -- Remove vínculos sem contrato correspondente (dados legados sem correspondência).
          IF to_regclass('"ContratoFuncaoAdicional"') IS NOT NULL THEN
              DELETE FROM "ContratoFuncaoAdicional" v
               WHERE NOT EXISTS (SELECT 1 FROM "Contratos" c WHERE c."Id" = v.contrato_id);
          END IF;
      
          -- Garante o vínculo (FK) com Contratos para que a exclusão do contrato limpe os adicionais.
          IF to_regclass('"ContratoFuncaoAdicional"') IS NOT NULL
             AND NOT EXISTS (
                 SELECT 1 FROM pg_constraint
                 WHERE conrelid = to_regclass('"ContratoFuncaoAdicional"')
                   AND contype = 'f'
                   AND confrelid = to_regclass('"Contratos"')
             ) THEN
              ALTER TABLE "ContratoFuncaoAdicional"
                  ADD CONSTRAINT "FK_ContratoFuncaoAdicional_Contratos_contrato_id"
                  FOREIGN KEY (contrato_id) REFERENCES "Contratos" ("Id") ON DELETE CASCADE;
          END IF;
      END $$;
      
      DO $$
      DECLARE
          r RECORD;
      BEGIN
          FOR r IN (
              SELECT conname 
              FROM pg_constraint 
              WHERE conrelid = '"JornadaContratual"'::regclass 
                AND contype = 'u'
          ) LOOP
              EXECUTE 'ALTER TABLE "JornadaContratual" DROP CONSTRAINT IF EXISTS "' || r.conname || '" CASCADE';
          END LOOP;
      
          EXECUTE 'DROP INDEX IF EXISTS "IX_JornadaContratual_EmpresaId_FuncaoId" CASCADE';
          EXECUTE 'DROP INDEX IF EXISTS "IX_JornadaContratual_empresa_id_funcao_id" CASCADE';
      
          CREATE INDEX IF NOT EXISTS "IX_JornadaContratual_contrato_id_funcao_id" ON "JornadaContratual" (contrato_id, funcao_id);
      END $$;
info: Microsoft.EntityFrameworkCore.Database.Command[20101]
      Executed DbCommand (4ms) [Parameters=[], CommandType='Text', CommandTimeout='30']
      SELECT u."Id", u."Ativo", u."Cargo", u."Celular", u."ContratoId", u."CooperadoId", u."DataIngresso", u."Email", u."Equipe", u."Login", u."MfaCodigoExpiracao", u."MfaCodigoTemp", u."Nome", u."Perfil", u."Senha", u."TokenRedefinicaoExpiracao", u."TokenRedefinicaoSenha", u."UltimoAcesso"
      FROM "UsuariosSistema" AS u
      WHERE lower(u."Login") = 'admin'
      LIMIT 1
info: Cooperativa.Web[0]
      Banco de dados migrado e inicializado com sucesso na inicialização.
info: Microsoft.Hosting.Lifetime[14]
      Now listening on: http://localhost:5080
info: Microsoft.Hosting.Lifetime[0]
      Application started. Press Ctrl+C to shut down.
info: Microsoft.Hosting.Lifetime[0]
      Hosting environment: Development
info: Microsoft.Hosting.Lifetime[0]
      Content root path: C:\Projetos\Cooperativa\CooperativaSolution\Cooperativa.Web
info: Microsoft.EntityFrameworkCore.Database.Command[20101]
      Executed DbCommand (47ms) [Parameters=[@p0='?' (DbType = Guid), @p1='?', @p2='?' (DbType = Boolean), @p3='?', @p4='?', @p5='?', @p6='?', @p7='?', @p8='?', @p9='?', @p10='?', @p11='?' (DbType = Guid), @p12='?' (DbType = DateTime), @p13='?' (DbType = DateTime), @p14='?' (DbType = Boolean), @p15='?', @p16='?', @p17='?', @p18='?', @p19='?' (DbType = Guid), @p20='?', @p21='?', @p22='?', @p23='?', @p24='?', @p25='?', @p26='?', @p27='?' (DbType = Int32), @p28='?', @p29='?', @p30='?', @p31='?', @p32='?', @p33='?', @p34='?', @p35='?', @p36='?', @p37='?'], CommandType='Text', CommandTimeout='30']
      INSERT INTO "Cooperados" ("Id", "Agencia", "Ativo", "Bairro", "Banco", "CEP", "CPF", "CertificadoReservista", "ChavePix", "Cidade", "ContaCorrente", "ContratoId", "DataAdmissao", "DataNascimento", "DeclaraImpostoRenda", "Email", "Equipe", "Escolaridade", "EstadoCivil", "FuncaoId", "Logradouro", "Nacionalidade", "Naturalidade", "Nome", "NomeConjuge", "NomeMae", "NomePai", "NumeroDependentes", "NumeroIdentidade", "NumeroPis", "OrgaoEmissorIdentidade", "RegimeCasamento", "SecaoEleitoral", "Sexo", "Telefone", "TituloEleitor", "Uf", "ZonaEleitoral")
      VALUES (@p0, @p1, @p2, @p3, @p4, @p5, @p6, @p7, @p8, @p9, @p10, @p11, @p12, @p13, @p14, @p15, @p16, @p17, @p18, @p19, @p20, @p21, @p22, @p23, @p24, @p25, @p26, @p27, @p28, @p29, @p30, @p31, @p32, @p33, @p34, @p35, @p36, @p37);
info: Microsoft.EntityFrameworkCore.Database.Command[20101]
      Executed DbCommand (3ms) [Parameters=[], CommandType='Text', CommandTimeout='30']
      SELECT c."Id", c."Agencia", c."Ativo", c."Bairro", c."Banco", c."CEP", c."CPF", c."CertificadoReservista", c."ChavePix", c."Cidade", c."ContaCorrente", c."ContratoId", c."DataAdmissao", c."DataNascimento", c."DeclaraImpostoRenda", c."Email", c."Equipe", c."Escolaridade", c."EstadoCivil", c."FuncaoId", c."Logradouro", c."Nacionalidade", c."Naturalidade", c."Nome", c."NomeConjuge", c."NomeMae", c."NomePai", c."NumeroDependentes", c."NumeroIdentidade", c."NumeroPis", c."OrgaoEmissorIdentidade", c."RegimeCasamento", c."SecaoEleitoral", c."Sexo", c."Telefone", c."TituloEleitor", c."Uf", c."ZonaEleitoral"
      FROM "Cooperados" AS c
      ORDER BY c."Nome"
info: Microsoft.EntityFrameworkCore.Database.Command[20101]
      Executed DbCommand (3ms) [Parameters=[@id='?' (DbType = Guid)], CommandType='Text', CommandTimeout='30']
      SELECT c."Id", c."Agencia", c."Ativo", c."Bairro", c."Banco", c."CEP", c."CPF", c."CertificadoReservista", c."ChavePix", c."Cidade", c."ContaCorrente", c."ContratoId", c."DataAdmissao", c."DataNascimento", c."DeclaraImpostoRenda", c."Email", c."Equipe", c."Escolaridade", c."EstadoCivil", c."FuncaoId", c."Logradouro", c."Nacionalidade", c."Naturalidade", c."Nome", c."NomeConjuge", c."NomeMae", c."NomePai", c."NumeroDependentes", c."NumeroIdentidade", c."NumeroPis", c."OrgaoEmissorIdentidade", c."RegimeCasamento", c."SecaoEleitoral", c."Sexo", c."Telefone", c."TituloEleitor", c."Uf", c."ZonaEleitoral", c0."Id", c0."Bairro", c0."Cep", c0."Cidade", c0."Cnpj", c0."Contato1Nome", c0."Contato1Telefone", c0."Contato2Nome", c0."Contato2Telefone", c0."DataFim", c0."DataInicio", c0."EmpresaNome", c0."Logradouro", c0."Uf", c0."ValorContrato", f."Id", f."Cbo", f."Descricao", f."Nome"
      FROM "Cooperados" AS c
      LEFT JOIN "Contratos" AS c0 ON c."ContratoId" = c0."Id"
      LEFT JOIN "Funcoes" AS f ON c."FuncaoId" = f."Id"
      WHERE c."Id" = @id
      LIMIT 1
info: Microsoft.EntityFrameworkCore.Database.Command[20101]
      Executed DbCommand (1ms) [Parameters=[@id='?' (DbType = Guid)], CommandType='Text', CommandTimeout='30']
      SELECT c."Id", c."Agencia", c."Ativo", c."Bairro", c."Banco", c."CEP", c."CPF", c."CertificadoReservista", c."ChavePix", c."Cidade", c."ContaCorrente", c."ContratoId", c."DataAdmissao", c."DataNascimento", c."DeclaraImpostoRenda", c."Email", c."Equipe", c."Escolaridade", c."EstadoCivil", c."FuncaoId", c."Logradouro", c."Nacionalidade", c."Naturalidade", c."Nome", c."NomeConjuge", c."NomeMae", c."NomePai", c."NumeroDependentes", c."NumeroIdentidade", c."NumeroPis", c."OrgaoEmissorIdentidade", c."RegimeCasamento", c."SecaoEleitoral", c."Sexo", c."Telefone", c."TituloEleitor", c."Uf", c."ZonaEleitoral"
      FROM "Cooperados" AS c
      WHERE c."Id" = @id
      LIMIT 1
info: Microsoft.EntityFrameworkCore.Database.Command[20101]
      Executed DbCommand (3ms) [Parameters=[@p0='?' (DbType = Guid), @p1='?', @p2='?' (DbType = Boolean), @p3='?', @p4='?', @p5='?', @p6='?', @p7='?', @p8='?', @p9='?', @p10='?', @p11='?' (DbType = Guid), @p12='?' (DbType = DateTime), @p13='?' (DbType = DateTime), @p14='?' (DbType = Boolean), @p15='?', @p16='?', @p17='?', @p18='?', @p19='?' (DbType = Guid), @p20='?', @p21='?', @p22='?', @p23='?', @p24='?', @p25='?', @p26='?', @p27='?' (DbType = Int32), @p28='?', @p29='?', @p30='?', @p31='?', @p32='?', @p33='?', @p34='?', @p35='?', @p36='?', @p37='?'], CommandType='Text', CommandTimeout='30']
      INSERT INTO "Cooperados" ("Id", "Agencia", "Ativo", "Bairro", "Banco", "CEP", "CPF", "CertificadoReservista", "ChavePix", "Cidade", "ContaCorrente", "ContratoId", "DataAdmissao", "DataNascimento", "DeclaraImpostoRenda", "Email", "Equipe", "Escolaridade", "EstadoCivil", "FuncaoId", "Logradouro", "Nacionalidade", "Naturalidade", "Nome", "NomeConjuge", "NomeMae", "NomePai", "NumeroDependentes", "NumeroIdentidade", "NumeroPis", "OrgaoEmissorIdentidade", "RegimeCasamento", "SecaoEleitoral", "Sexo", "Telefone", "TituloEleitor", "Uf", "ZonaEleitoral")
      VALUES (@p0, @p1, @p2, @p3, @p4, @p5, @p6, @p7, @p8, @p9, @p10, @p11, @p12, @p13, @p14, @p15, @p16, @p17, @p18, @p19, @p20, @p21, @p22, @p23, @p24, @p25, @p26, @p27, @p28, @p29, @p30, @p31, @p32, @p33, @p34, @p35, @p36, @p37);
info: Microsoft.EntityFrameworkCore.Database.Command[20101]
      Executed DbCommand (1ms) [Parameters=[], CommandType='Text', CommandTimeout='30']
      SELECT c."Id", c."Agencia", c."Ativo", c."Bairro", c."Banco", c."CEP", c."CPF", c."CertificadoReservista", c."ChavePix", c."Cidade", c."ContaCorrente", c."ContratoId", c."DataAdmissao", c."DataNascimento", c."DeclaraImpostoRenda", c."Email", c."Equipe", c."Escolaridade", c."EstadoCivil", c."FuncaoId", c."Logradouro", c."Nacionalidade", c."Naturalidade", c."Nome", c."NomeConjuge", c."NomeMae", c."NomePai", c."NumeroDependentes", c."NumeroIdentidade", c."NumeroPis", c."OrgaoEmissorIdentidade", c."RegimeCasamento", c."SecaoEleitoral", c."Sexo", c."Telefone", c."TituloEleitor", c."Uf", c."ZonaEleitoral"
      FROM "Cooperados" AS c
      ORDER BY c."Nome"
info: Microsoft.EntityFrameworkCore.Database.Command[20101]
      Executed DbCommand (1ms) [Parameters=[], CommandType='Text', CommandTimeout='30']
      SELECT c."Id", c."Agencia", c."Ativo", c."Bairro", c."Banco", c."CEP", c."CPF", c."CertificadoReservista", c."ChavePix", c."Cidade", c."ContaCorrente", c."ContratoId", c."DataAdmissao", c."DataNascimento", c."DeclaraImpostoRenda", c."Email", c."Equipe", c."Escolaridade", c."EstadoCivil", c."FuncaoId", c."Logradouro", c."Nacionalidade", c."Naturalidade", c."Nome", c."NomeConjuge", c."NomeMae", c."NomePai", c."NumeroDependentes", c."NumeroIdentidade", c."NumeroPis", c."OrgaoEmissorIdentidade", c."RegimeCasamento", c."SecaoEleitoral", c."Sexo", c."Telefone", c."TituloEleitor", c."Uf", c."ZonaEleitoral"
      FROM "Cooperados" AS c
      ORDER BY c."Nome"
info: Microsoft.EntityFrameworkCore.Database.Command[20101]
      Executed DbCommand (2ms) [Parameters=[@p0='?' (DbType = Guid), @p1='?', @p2='?' (DbType = Boolean), @p3='?', @p4='?', @p5='?', @p6='?', @p7='?', @p8='?', @p9='?', @p10='?', @p11='?' (DbType = Guid), @p12='?' (DbType = DateTime), @p13='?' (DbType = DateTime), @p14='?' (DbType = Boolean), @p15='?', @p16='?', @p17='?', @p18='?', @p19='?' (DbType = Guid), @p20='?', @p21='?', @p22='?', @p23='?', @p24='?', @p25='?', @p26='?', @p27='?' (DbType = Int32), @p28='?', @p29='?', @p30='?', @p31='?', @p32='?', @p33='?', @p34='?', @p35='?', @p36='?', @p37='?'], CommandType='Text', CommandTimeout='30']
      INSERT INTO "Cooperados" ("Id", "Agencia", "Ativo", "Bairro", "Banco", "CEP", "CPF", "CertificadoReservista", "ChavePix", "Cidade", "ContaCorrente", "ContratoId", "DataAdmissao", "DataNascimento", "DeclaraImpostoRenda", "Email", "Equipe", "Escolaridade", "EstadoCivil", "FuncaoId", "Logradouro", "Nacionalidade", "Naturalidade", "Nome", "NomeConjuge", "NomeMae", "NomePai", "NumeroDependentes", "NumeroIdentidade", "NumeroPis", "OrgaoEmissorIdentidade", "RegimeCasamento", "SecaoEleitoral", "Sexo", "Telefone", "TituloEleitor", "Uf", "ZonaEleitoral")
      VALUES (@p0, @p1, @p2, @p3, @p4, @p5, @p6, @p7, @p8, @p9, @p10, @p11, @p12, @p13, @p14, @p15, @p16, @p17, @p18, @p19, @p20, @p21, @p22, @p23, @p24, @p25, @p26, @p27, @p28, @p29, @p30, @p31, @p32, @p33, @p34, @p35, @p36, @p37);
info: Microsoft.EntityFrameworkCore.Database.Command[20101]
      Executed DbCommand (1ms) [Parameters=[], CommandType='Text', CommandTimeout='30']
      SELECT c."Id", c."Agencia", c."Ativo", c."Bairro", c."Banco", c."CEP", c."CPF", c."CertificadoReservista", c."ChavePix", c."Cidade", c."ContaCorrente", c."ContratoId", c."DataAdmissao", c."DataNascimento", c."DeclaraImpostoRenda", c."Email", c."Equipe", c."Escolaridade", c."EstadoCivil", c."FuncaoId", c."Logradouro", c."Nacionalidade", c."Naturalidade", c."Nome", c."NomeConjuge", c."NomeMae", c."NomePai", c."NumeroDependentes", c."NumeroIdentidade", c."NumeroPis", c."OrgaoEmissorIdentidade", c."RegimeCasamento", c."SecaoEleitoral", c."Sexo", c."Telefone", c."TituloEleitor", c."Uf", c."ZonaEleitoral"
      FROM "Cooperados" AS c
      ORDER BY c."Nome"
info: Microsoft.EntityFrameworkCore.Database.Command[20101]
      Executed DbCommand (1ms) [Parameters=[@id='?' (DbType = Guid)], CommandType='Text', CommandTimeout='30']
      SELECT c."Id", c."Agencia", c."Ativo", c."Bairro", c."Banco", c."CEP", c."CPF", c."CertificadoReservista", c."ChavePix", c."Cidade", c."ContaCorrente", c."ContratoId", c."DataAdmissao", c."DataNascimento", c."DeclaraImpostoRenda", c."Email", c."Equipe", c."Escolaridade", c."EstadoCivil", c."FuncaoId", c."Logradouro", c."Nacionalidade", c."Naturalidade", c."Nome", c."NomeConjuge", c."NomeMae", c."NomePai", c."NumeroDependentes", c."NumeroIdentidade", c."NumeroPis", c."OrgaoEmissorIdentidade", c."RegimeCasamento", c."SecaoEleitoral", c."Sexo", c."Telefone", c."TituloEleitor", c."Uf", c."ZonaEleitoral", c0."Id", c0."Bairro", c0."Cep", c0."Cidade", c0."Cnpj", c0."Contato1Nome", c0."Contato1Telefone", c0."Contato2Nome", c0."Contato2Telefone", c0."DataFim", c0."DataInicio", c0."EmpresaNome", c0."Logradouro", c0."Uf", c0."ValorContrato", f."Id", f."Cbo", f."Descricao", f."Nome"
      FROM "Cooperados" AS c
      LEFT JOIN "Contratos" AS c0 ON c."ContratoId" = c0."Id"
      LEFT JOIN "Funcoes" AS f ON c."FuncaoId" = f."Id"
      WHERE c."Id" = @id
      LIMIT 1
info: Microsoft.EntityFrameworkCore.Database.Command[20101]
      Executed DbCommand (1ms) [Parameters=[], CommandType='Text', CommandTimeout='30']
      SELECT c."Id", c."Agencia", c."Ativo", c."Bairro", c."Banco", c."CEP", c."CPF", c."CertificadoReservista", c."ChavePix", c."Cidade", c."ContaCorrente", c."ContratoId", c."DataAdmissao", c."DataNascimento", c."DeclaraImpostoRenda", c."Email", c."Equipe", c."Escolaridade", c."EstadoCivil", c."FuncaoId", c."Logradouro", c."Nacionalidade", c."Naturalidade", c."Nome", c."NomeConjuge", c."NomeMae", c."NomePai", c."NumeroDependentes", c."NumeroIdentidade", c."NumeroPis", c."OrgaoEmissorIdentidade", c."RegimeCasamento", c."SecaoEleitoral", c."Sexo", c."Telefone", c."TituloEleitor", c."Uf", c."ZonaEleitoral"
      FROM "Cooperados" AS c
      ORDER BY c."Nome"
info: Microsoft.EntityFrameworkCore.Database.Command[20101]
      Executed DbCommand (2ms) [Parameters=[@p0='?' (DbType = Guid), @p1='?', @p2='?' (DbType = Boolean), @p3='?', @p4='?', @p5='?', @p6='?', @p7='?', @p8='?', @p9='?', @p10='?', @p11='?' (DbType = Guid), @p12='?' (DbType = DateTime), @p13='?' (DbType = DateTime), @p14='?' (DbType = Boolean), @p15='?', @p16='?', @p17='?', @p18='?', @p19='?' (DbType = Guid), @p20='?', @p21='?', @p22='?', @p23='?', @p24='?', @p25='?', @p26='?', @p27='?' (DbType = Int32), @p28='?', @p29='?', @p30='?', @p31='?', @p32='?', @p33='?', @p34='?', @p35='?', @p36='?', @p37='?'], CommandType='Text', CommandTimeout='30']
      INSERT INTO "Cooperados" ("Id", "Agencia", "Ativo", "Bairro", "Banco", "CEP", "CPF", "CertificadoReservista", "ChavePix", "Cidade", "ContaCorrente", "ContratoId", "DataAdmissao", "DataNascimento", "DeclaraImpostoRenda", "Email", "Equipe", "Escolaridade", "EstadoCivil", "FuncaoId", "Logradouro", "Nacionalidade", "Naturalidade", "Nome", "NomeConjuge", "NomeMae", "NomePai", "NumeroDependentes", "NumeroIdentidade", "NumeroPis", "OrgaoEmissorIdentidade", "RegimeCasamento", "SecaoEleitoral", "Sexo", "Telefone", "TituloEleitor", "Uf", "ZonaEleitoral")
      VALUES (@p0, @p1, @p2, @p3, @p4, @p5, @p6, @p7, @p8, @p9, @p10, @p11, @p12, @p13, @p14, @p15, @p16, @p17, @p18, @p19, @p20, @p21, @p22, @p23, @p24, @p25, @p26, @p27, @p28, @p29, @p30, @p31, @p32, @p33, @p34, @p35, @p36, @p37);
info: Microsoft.EntityFrameworkCore.Database.Command[20101]
      Executed DbCommand (1ms) [Parameters=[], CommandType='Text', CommandTimeout='30']
      SELECT c."Id", c."Agencia", c."Ativo", c."Bairro", c."Banco", c."CEP", c."CPF", c."CertificadoReservista", c."ChavePix", c."Cidade", c."ContaCorrente", c."ContratoId", c."DataAdmissao", c."DataNascimento", c."DeclaraImpostoRenda", c."Email", c."Equipe", c."Escolaridade", c."EstadoCivil", c."FuncaoId", c."Logradouro", c."Nacionalidade", c."Naturalidade", c."Nome", c."NomeConjuge", c."NomeMae", c."NomePai", c."NumeroDependentes", c."NumeroIdentidade", c."NumeroPis", c."OrgaoEmissorIdentidade", c."RegimeCasamento", c."SecaoEleitoral", c."Sexo", c."Telefone", c."TituloEleitor", c."Uf", c."ZonaEleitoral"
      FROM "Cooperados" AS c
      ORDER BY c."Nome"
info: Microsoft.EntityFrameworkCore.Database.Command[20101]
      Executed DbCommand (6ms) [Parameters=[@id='?' (DbType = Guid)], CommandType='Text', CommandTimeout='30']
      SELECT c."Id", c."Agencia", c."Ativo", c."Bairro", c."Banco", c."CEP", c."CPF", c."CertificadoReservista", c."ChavePix", c."Cidade", c."ContaCorrente", c."ContratoId", c."DataAdmissao", c."DataNascimento", c."DeclaraImpostoRenda", c."Email", c."Equipe", c."Escolaridade", c."EstadoCivil", c."FuncaoId", c."Logradouro", c."Nacionalidade", c."Naturalidade", c."Nome", c."NomeConjuge", c."NomeMae", c."NomePai", c."NumeroDependentes", c."NumeroIdentidade", c."NumeroPis", c."OrgaoEmissorIdentidade", c."RegimeCasamento", c."SecaoEleitoral", c."Sexo", c."Telefone", c."TituloEleitor", c."Uf", c."ZonaEleitoral", c0."Id", c0."Bairro", c0."Cep", c0."Cidade", c0."Cnpj", c0."Contato1Nome", c0."Contato1Telefone", c0."Contato2Nome", c0."Contato2Telefone", c0."DataFim", c0."DataInicio", c0."EmpresaNome", c0."Logradouro", c0."Uf", c0."ValorContrato", f."Id", f."Cbo", f."Descricao", f."Nome"
      FROM "Cooperados" AS c
      LEFT JOIN "Contratos" AS c0 ON c."ContratoId" = c0."Id"
      LEFT JOIN "Funcoes" AS f ON c."FuncaoId" = f."Id"
      WHERE c."Id" = @id
      LIMIT 1
warn: Microsoft.AspNetCore.Server.Kestrel[22]
      As of "09/21/2026 20:04:56 +00:00", the heartbeat has been running for "00:00:03.0043317" which is longer than "00:00:01". This could be caused by thread pool starvation.
